../Core/Src/main.c:82:6:microDelay	16	static
../Core/Src/main.c:88:9:DHT11_Start	32	static
../Core/Src/main.c:119:9:DHT11_Read	16	static
../Core/Src/main.c:145:6:Display_Temp	40	static
../Core/Src/main.c:156:6:Display_Rh	40	static
../Core/Src/main.c:171:5:main	16	static
../Core/Src/main.c:268:6:SystemClock_Config	72	static
../Core/Src/main.c:308:13:MX_I2C1_Init	8	static
../Core/Src/main.c:342:13:MX_TIM1_Init	32	static
../Core/Src/main.c:391:13:MX_TIM2_Init	32	static
../Core/Src/main.c:436:13:MX_GPIO_Init	40	static
../Core/Src/main.c:475:6:Error_Handler	4	static,ignoring_inline_asm
